// Jest Snapshot v1, https://goo.gl/fbAQLP

exports[`AddTasksToRoutine AddTasksToRoutine matches snapshot 1`] = `
<div
  class="MuiBox-root css-2u9sdq"
>
  <h1
    class="MuiTypography-root MuiTypography-h1 css-3ns5jg-MuiTypography-root"
  >
    Let's add some tasks to 
    .
  </h1>
  <div
    class="MuiPaper-root MuiPaper-outlined MuiPaper-rounded MuiCard-root css-1yf7ndb-MuiPaper-root-MuiCard-root"
  >
    <p
      class="MuiTypography-root MuiTypography-body1 css-altc5y-MuiTypography-root"
    >
      Don't hold back! What is everything you ideally want to accomplish with 
      ?
    </p>
    <form
      class="MuiBox-root css-rsoibw"
    >
      <div
        class="MuiFormControl-root MuiTextField-root css-166k1z2-MuiFormControl-root-MuiTextField-root"
      >
        <label
          class="MuiFormLabel-root MuiInputLabel-root MuiInputLabel-formControl MuiInputLabel-animated MuiInputLabel-sizeMedium MuiInputLabel-outlined MuiFormLabel-colorPrimary Mui-required MuiInputLabel-root MuiInputLabel-formControl MuiInputLabel-animated MuiInputLabel-sizeMedium MuiInputLabel-outlined css-14s5rfu-MuiFormLabel-root-MuiInputLabel-root"
          data-shrink="false"
          for="outlined-required"
          id="outlined-required-label"
        >
          Enter a new task
          <span
            aria-hidden="true"
            class="MuiFormLabel-asterisk MuiInputLabel-asterisk css-wgai2y-MuiFormLabel-asterisk"
          >
             
            *
          </span>
        </label>
        <div
          class="MuiInputBase-root MuiOutlinedInput-root MuiInputBase-colorPrimary MuiInputBase-formControl css-9ddj71-MuiInputBase-root-MuiOutlinedInput-root"
        >
          <input
            aria-invalid="false"
            class="MuiInputBase-input MuiOutlinedInput-input css-1t8l2tu-MuiInputBase-input-MuiOutlinedInput-input"
            id="outlined-required"
            required=""
            type="text"
            value=""
          />
          <fieldset
            aria-hidden="true"
            class="MuiOutlinedInput-notchedOutline css-1d3z3hw-MuiOutlinedInput-notchedOutline"
          >
            <legend
              class="css-yjsfm1"
            >
              <span>
                Enter a new task
                 
                *
              </span>
            </legend>
          </fieldset>
        </div>
      </div>
      <button
        class="MuiButtonBase-root MuiButton-root MuiButton-contained MuiButton-containedPrimary MuiButton-sizeMedium MuiButton-containedSizeMedium MuiButton-colorPrimary MuiButton-root MuiButton-contained MuiButton-containedPrimary MuiButton-sizeMedium MuiButton-containedSizeMedium MuiButton-colorPrimary css-146d4n0-MuiButtonBase-root-MuiButton-root"
        tabindex="0"
        type="button"
      >
        Add
        <span
          class="MuiTouchRipple-root css-8je8zh-MuiTouchRipple-root"
        />
      </button>
    </form>
    <div
      class="MuiBox-root css-0"
    />
  </div>
</div>
`;
