// Jest Snapshot v1, https://goo.gl/fbAQLP

exports[`MainHeader MainHeader matches snapshot 1`] = `
<DocumentFragment>
  <div>
    <div
      id="main-header"
    >
      <a
        class="header-logo"
        href="/"
      >
        <h1>
          Routine It
        </h1>
      </a>
      <a
        class="header-link"
        href="/"
      >
        <p>
          Home
        </p>
      </a>
      <a
        class="header-link"
        href="/signup"
      >
        <p>
          Sign Up
        </p>
      </a>
      <a
        class="header-link"
        href="/signin"
      >
        <p>
          Sign In
        </p>
      </a>
    </div>
    <div
      class="hero-section"
    >
      <h1>
        Everyone should be able to keep a routine!
      </h1>
      <a
        href="/signup"
      >
        <button>
          Get Started!
        </button>
      </a>
    </div>
  </div>
</DocumentFragment>
`;
