// Jest Snapshot v1, https://goo.gl/fbAQLP

exports[`NameRoutine NameRoutine matches snapshot 1`] = `
<div
  class="MuiBox-root css-2u9sdq"
>
  <h1
    class="MuiTypography-root MuiTypography-h1 css-3ns5jg-MuiTypography-root"
  >
    Let's Make a New Routine!
  </h1>
  <div
    class="MuiPaper-root MuiPaper-outlined MuiPaper-rounded MuiCard-root css-1twd6hf-MuiPaper-root-MuiCard-root"
  >
    <p
      class="MuiTypography-root MuiTypography-body1 css-altc5y-MuiTypography-root"
    >
      We'll start with a name for this routine:
    </p>
    <div
      class="MuiFormControl-root MuiFormControl-fullWidth MuiTextField-root css-wb57ya-MuiFormControl-root-MuiTextField-root"
    >
      <label
        class="MuiFormLabel-root MuiInputLabel-root MuiInputLabel-formControl MuiInputLabel-animated MuiInputLabel-sizeSmall MuiInputLabel-outlined MuiFormLabel-colorPrimary Mui-required MuiInputLabel-root MuiInputLabel-formControl MuiInputLabel-animated MuiInputLabel-sizeSmall MuiInputLabel-outlined css-1pysi21-MuiFormLabel-root-MuiInputLabel-root"
        data-shrink="false"
        for="outlined-required"
        id="outlined-required-label"
      >
        Enter a name
        <span
          aria-hidden="true"
          class="MuiFormLabel-asterisk MuiInputLabel-asterisk css-wgai2y-MuiFormLabel-asterisk"
        >
           
          *
        </span>
      </label>
      <div
        class="MuiInputBase-root MuiOutlinedInput-root MuiInputBase-colorPrimary MuiInputBase-fullWidth MuiInputBase-formControl MuiInputBase-sizeSmall css-md26zr-MuiInputBase-root-MuiOutlinedInput-root"
      >
        <input
          aria-invalid="false"
          class="MuiInputBase-input MuiOutlinedInput-input MuiInputBase-inputSizeSmall css-1n4twyu-MuiInputBase-input-MuiOutlinedInput-input"
          id="outlined-required"
          name="name"
          required=""
          type="text"
          value=""
        />
        <fieldset
          aria-hidden="true"
          class="MuiOutlinedInput-notchedOutline css-1d3z3hw-MuiOutlinedInput-notchedOutline"
        >
          <legend
            class="css-yjsfm1"
          >
            <span>
              Enter a name
               
              *
            </span>
          </legend>
        </fieldset>
      </div>
    </div>
  </div>
</div>
`;
