// Jest Snapshot v1, https://goo.gl/fbAQLP

exports[`SelectRequiredTasks SelectRequiredTasks matches snapshot 1`] = `
<div
  class="MuiBox-root css-2u9sdq"
>
  <h1
    class="MuiTypography-root MuiTypography-h1 css-3ns5jg-MuiTypography-root"
  />
  <div
    class="MuiPaper-root MuiPaper-outlined MuiPaper-rounded MuiCard-root css-1yf7ndb-MuiPaper-root-MuiCard-root"
  >
    <p
      class="MuiTypography-root MuiTypography-body1 css-altc5y-MuiTypography-root"
    />
    <div
      class="MuiBox-root css-0"
    >
      <form
        action="#"
        name="list"
      />
    </div>
  </div>
</div>
`;
